// Jest Snapshot v1, https://goo.gl/fbAQLP

exports[`Sidebar component should be rendered correctly 1`] = `
<aside
  className="o-sidebar"
>
  <nav>
    <ul
      className="c-nav"
    >
      <li
        className="c-nav-item"
      >
        <ForwardRef
          activeClassName="is-active"
          className="c-nav-link"
          to="/presentation"
        >
          <span
            className="c-nav-number"
          >
            1.
          </span>
          Presentation
        </ForwardRef>
      </li>
      <li
        className="c-nav-item"
      >
        <ForwardRef
          activeClassName="is-active"
          className="c-nav-link"
          to="/security"
        >
          <span
            className="c-nav-number"
          >
            2.
          </span>
          Security
        </ForwardRef>
      </li>
      <li
        className="c-nav-item"
      >
        <ForwardRef
          activeClassName="is-active"
          className="c-nav-link"
          to="/installation"
        >
          <span
            className="c-nav-number"
          >
            3.
          </span>
          Installation
        </ForwardRef>
      </li>
    </ul>
  </nav>
</aside>
`;
